// Jest Snapshot v1, https://goo.gl/fbAQLP

exports[`JsonConfigurationFormModal component Render body with default data 1`] = `
<div
  style={
    Object {
      "display": "grid",
      "gridTemplate": "85% 10% / 1fr",
      "height": "300px",
      "paddingTop": "20px",
      "width": "350px",
    }
  }
>
  <div
    className="modal4content"
    style={
      Object {
        "textAlign": "justify",
      }
    }
  >
    <p>
      Pathpoint is designed to be customized by the customer.  This is done through a JSON configuration file.  (See our main documentation for a detailed description of the file structure.)
    </p>
    <ol
      style={
        Object {
          "paddingLeft": "15px",
        }
      }
      type="1"
    >
      <li>
        Download the existing configuration
      </li>
      <li>
        Modify it
      </li>
      <li>
        Upload & Update it
      </li>
    </ol>
    <p>
      This will allow you to keep your JSON configuration in a version control system for save keeping.
    </p>
    <div>
      <a
        href="https://www.youtube.com/watch?v=sp9r6hSWH_o"
        style={
          Object {
            "color": "red",
            "textDecoration": "none",
          }
        }
        target="_blank"
      >
        <svg
          fill="none"
          height="11"
          viewBox="0 0 14 11"
          width="14"
          xmlns="http://www.w3.org/2000/svg"
        >
          <path
            clipRule="evenodd"
            d="M13.8963 2.58956L13.8969 2.59621C13.9011 2.64496 13.9999 3.80284 14 4.96538V6.05213C14 7.21466 13.9011 8.37255 13.8969 8.4213L13.8953 8.43615C13.8817 8.55039 13.7474 9.56788 13.2833 10.0912C12.7264 10.7268 12.0984 10.796 11.7964 10.8292L11.7962 10.8293C11.7673 10.8324 11.7411 10.8352 11.7177 10.8385L11.6932 10.8411C9.84239 10.9807 7.04737 10.9998 7.01939 10.9999L7.01511 11L7.01084 10.9999C6.86878 10.9978 3.51824 10.9458 2.4496 10.8403L2.41723 10.8357C2.38467 10.8297 2.33732 10.8241 2.28228 10.8176L2.27785 10.8171C1.91768 10.7743 1.24808 10.6947 0.718516 10.0935C0.233488 9.56445 0.115569 8.54374 0.103713 8.42872L0.102966 8.42141C0.0987999 8.37266 0 7.21466 0 6.05213V4.96538C0 3.80284 0.0987999 2.64485 0.102966 2.59621L0.104568 2.58136C0.118346 2.46701 0.252501 1.44951 0.716593 0.926306C1.28141 0.28177 1.91309 0.206092 2.21664 0.169749C2.2209 0.169234 2.2251 0.168729 2.22924 0.168232C2.24823 0.16595 2.26591 0.163824 2.28222 0.16155L2.3069 0.15889C4.17438 0.0192796 6.96951 0.000221604 6.99749 0.000110802L6.99995 0L7.0024 0.000110802C7.03039 0.000221604 9.82552 0.0192796 11.6763 0.15889L11.7008 0.16155C11.7216 0.16443 11.7449 0.167201 11.7703 0.170192C12.0774 0.206425 12.7159 0.281992 13.2791 0.904035C13.7664 1.43289 13.8844 2.47266 13.8963 2.58956ZM13.0804 8.33798C13.0889 8.23626 13.1795 7.12813 13.1795 6.05213V4.96538C13.1795 3.87198 13.0862 2.74834 13.08 2.67576C13.0451 2.34413 12.9076 1.73162 12.6855 1.49151L12.6822 1.48785C12.3247 1.09229 11.9351 1.04619 11.6774 1.01572L11.676 1.01555C11.6506 1.01251 11.6269 1.00969 11.6052 1.00686C9.80512 0.871903 7.09714 0.851737 6.99995 0.851072L6.99625 0.851101C6.84867 0.85226 4.17566 0.873252 2.37761 1.00686C2.35871 1.0094 2.33838 1.01184 2.31669 1.01445L2.31074 1.01517C2.06016 1.0452 1.68131 1.09063 1.322 1.50059C1.10528 1.74502 0.961083 2.34978 0.919533 2.67986C0.910775 2.78368 0.820413 3.8906 0.820413 4.96538V6.05213C0.820413 7.1432 0.913338 8.2644 0.919854 8.3413C0.954781 8.6664 1.09225 9.26838 1.31441 9.50849L1.322 9.51691C1.64474 9.88518 2.06445 9.93507 2.37109 9.97152L2.3712 9.97153C2.43165 9.97863 2.48901 9.9855 2.54209 9.99447C3.57816 10.0943 6.87968 10.1467 7.01864 10.1488C7.14254 10.148 9.83214 10.1274 11.6223 9.99314C11.6488 9.98971 11.678 9.98638 11.7097 9.98295C11.9711 9.95425 12.3293 9.9148 12.6779 9.51691C12.904 9.26196 13.0455 8.6182 13.0804 8.33798ZM6.06198 3.09471L9.1549 4.85026C9.33797 4.95419 9.45119 5.15308 9.45044 5.36948C9.44959 5.58587 9.33498 5.78388 9.15137 5.88637L6.05835 7.61167C5.97343 7.65909 5.88115 7.68269 5.78908 7.68269C5.68857 7.68269 5.58828 7.65455 5.49781 7.59848C5.32456 7.49112 5.22117 7.30198 5.22117 7.09267V3.61171C5.22117 3.40141 5.3252 3.21194 5.49962 3.10468C5.67394 2.99753 5.88414 2.99377 6.06198 3.09471ZM6.04158 4.05315V6.65478L8.35318 5.36527L6.04158 4.05315Z"
            fill="#FF4C4C"
            fillRule="evenodd"
          />
        </svg>
        Demo
      </a>
    </div>
  </div>
  <div
    className="modal4content"
    style={
      Object {
        "alignItems": "center",
        "display": "flex",
        "justifyContent": "space-between",
      }
    }
  >
    <div>
      <div>
        <div>
          <img
            height="15"
            src={Object {}}
            width="24"
          />
          <a
            className="downloadLink"
            href="#"
            onClick={[Function]}
            style={
              Object {
                "cursor": "pointer",
              }
            }
          >
            Pathpoint_Json_v1.1
          </a>
        </div>
      </div>
    </div>
    <div
      style={
        Object {
          "width": "50%",
        }
      }
    >
      <label
        className="buttonUpload"
        color="primary"
        htmlFor="file-upload"
      >
        <svg
          fill="none"
          height="10"
          style={
            Object {
              "marginRight": "5px",
            }
          }
          viewBox="0 0 7 10"
          width="7"
          xmlns="http://www.w3.org/2000/svg"
        >
          <path
            clipRule="evenodd"
            d="M3.063 1.55078L0.74664 3.95719C0.576005 4.13446 0.298613 4.13446 0.127977 3.95719C-0.0426587 3.77992 -0.0426587 3.49175 0.127977 3.31448L3.19067 0.132723C3.27555 0.0445439 3.38756 -1.26948e-06 3.49956 -1.25969e-06C3.61157 -1.2499e-06 3.72358 0.0445439 3.80933 0.132724L6.87202 3.31448C7.04266 3.49175 7.04266 3.77992 6.87202 3.95719C6.70139 4.13446 6.424 4.13446 6.25336 3.95719L3.93806 1.55265L3.93806 9.54546C3.93806 9.79637 3.74204 10 3.50053 10C3.25901 10 3.063 9.79637 3.063 9.54546L3.063 1.55078Z"
            fill="white"
            fillRule="evenodd"
          />
        </svg>
        Update
      </label>
      <input
        accept=".json"
        id="file-upload"
        onChange={[Function]}
        style={
          Object {
            "display": "none",
          }
        }
        type="file"
      />
    </div>
  </div>
</div>
`;

exports[`JsonConfigurationFormModal component Render header with default data 1`] = `
<div
  style={
    Object {
      "display": "flex",
    }
  }
>
  <div
    className="titleModal"
  >
    <img
      src={Object {}}
      width="18"
    />
     Setup : Json Configuration
  </div>
</div>
`;
